// Jest Snapshot v1, https://goo.gl/fbAQLP

exports[`<DeleteButton /> matches snapshot 1`] = `
<div
  className="__delete"
>
  <span
    className="icon"
    onClick={[Function]}
  >
    <ForwardRef(SvgCancelWhite24Dp)
      fill="#ff5722"
    />
  </span>
</div>
`;
